// Jest Snapshot v1, https://goo.gl/fbAQLP

exports[`The page component should renders correctly 1`] = `
<div
  className="page-container"
>
  <a
    onClick={[Function]}
    style={Object {}}
  >
    <span>
      Retour
    </span>
  </a>
  <p />
  <p>
    <input
      className="githubAvatarInput"
      onChange={[Function]}
      placeholder={undefined}
      type="text"
    />
  </p>
  <p>
    <button
      onClick={[Function]}
    >
      <span>
        Affiche l'avatar github
      </span>
    </button>
  </p>
</div>
`;
